Microchip MPLAB XC8 Compiler V2.32

Linker command line:

-W-3 --edf=C:\Program Files\Microchip\xc8\v2.32\pic\dat\en_msgs.txt -cn \
  -h+dist/default/production\CONTROLMOTOR.X.production.sym \
  --cmf=dist/default/production\CONTROLMOTOR.X.production.cmf -z -Q18F4550 \
  -oC:\Users\kenst\AppData\Local\Temp\xcAska8.4 --defsym=__MPLAB_BUILD=1 \
  -Mdist/default/production/CONTROLMOTOR.X.production.map -E1 \
  -ver=XC8 Compiler --acfsm=1493 -ASTACK=0150h-07FFh -pstack=STACK \
  -ACODE=00h-07FFFh -ACONST=00h-07FFFh -ASMALLCONST=0800h-08FFhx120 \
  -AMEDIUMCONST=0800h-07FFFh -ACOMRAM=01h-05Fh -AABS1=00h-07FFh \
  -ABIGRAM=01h-07FFh -ARAM=060h-0FFh,0100h-01FFhx7 -ABANK0=060h-0FFh \
  -ABANK1=0100h-01FFh -ABANK2=0200h-02FFh -ABANK3=0300h-03FFh \
  -ABANK4=0400h-04FFh -ABANK5=0500h-05FFh -ABANK6=0600h-06FFh \
  -ABANK7=0700h-07FFh -ASFR=0F60h-0FFFh -ACONFIG=0300000h-030000Dh \
  -AIDLOC=0200000h-0200007h -AEEDATA=0F00000h-0F000FFh -peeprom_data=EEDATA \
  -preset_vec=00h,intcode,intcodelo,powerup,init -pramtop=0800h \
  -psmallconst=SMALLCONST -pmediumconst=MEDIUMCONST -pconst=CONST \
  -AFARRAM=00h-00h \
  -prdata=COMRAM,nvrram=COMRAM,nvbit=COMRAM,rbss=COMRAM,rbit=COMRAM \
  -pfarbss=FARRAM,fardata=FARRAM,nvFARRAM=FARRAM \
  -pintsave_regs=BIGRAM,bigbss=BIGRAM,bigdata=BIGRAM -pbss=RAM \
  -pidata=CODE,irdata=CODE,ibigdata=CODE,ifardata=CODE -prparam=COMRAM \
  C:\Users\kenst\AppData\Local\Temp\xcAska8.o \
  dist/default/production\CONTROLMOTOR.X.production.o 

Object code version is 3.11

Machine type is 18F4550



                Name                               Link     Load   Length Selector   Space Scale
C:\Users\kenst\AppData\Local\Temp\xcAska8.o
                idloc                            200000   200000        8        0       5
                config                           300000   300000        E        0       4
                init                                  0        0        4        0       0
dist/default/production\CONTROLMOTOR.X.production.o
                idloc                            200000   200000        8        0       5
                config                           300000   300000        E        0       4
                smallconst                          800      800       28      400       0
                text36                             1D6A     1D6A      39A      414       0
                text35                             1940     1940      42A      414       0
                text34                             2660     2660      1B4      414       0
                text33                             2BF2     2BF2       CC      414       0
                text32                             2814     2814      106      414       0
                text31                             312A     312A       A4      414       0
                text30                             35E0     35E0        E      414       0
                text29                             35CE     35CE       12      414       0
                text28                             3552     3552       30      414       0
                text27                             35EE     35EE        8      414       0
                text26                             339C     339C       4C      414       0
                text25                             3472     3472       3A      414       0
                text24                             3582     3582       2A      414       0
                text23                             3290     3290       5E      414       0
                text22                             2E4E     2E4E       C4      414       0
                text21                             2FD0     2FD0       B0      414       0
                text20                             3080     3080       AA      414       0
                text19                             291A     291A      104      414       0
                text18                             34E4     34E4       38      414       0
                text17                             1480     1480      4C0      414       0
                text16                             33E8     33E8       46      414       0
                text15                             2A1E     2A1E       FE      414       0
                text14                             244E     244E      212      414       0
                text13                             35F6     35F6        2      414       0
                text12                             2CBE     2CBE       CA      414       0
                text11                             342E     342E       44      414       0
                text10                             351C     351C       36      414       0
                text9                              2D88     2D88       C6      414       0
                text8                              32EE     32EE       5C      414       0
                text7                              34AC     34AC       38      414       0
                text6                              3230     3230       60      414       0
                text5                               828      828      C58      414       0
                text4                              2B1C     2B1C       D6      414       0
                text3                              2104     2104      34A      414       0
                text2                              31CE     31CE       62      414       0
                text1                              334A     334A       52      414       0
                text0                              2F12     2F12       BE      414       0
                cstackCOMRAM                          1        1       5F        1       1
                cstackBANK0                          60       60       58       60       1
                bssBANK1                            100      100       50      100       1
                bssBANK0                             B8       B8       22       60       1
                cinit                              35AC     35AC       22      414       0

TOTAL           Name                               Link     Load   Length     Space
        CLASS   STACK          

        CLASS   CODE           
                init                                  0        0        4         0
                text36                             1D6A     1D6A      39A         0
                text35                             1940     1940      42A         0
                text34                             2660     2660      1B4         0
                text33                             2BF2     2BF2       CC         0
                text32                             2814     2814      106         0
                text31                             312A     312A       A4         0
                text30                             35E0     35E0        E         0
                text29                             35CE     35CE       12         0
                text28                             3552     3552       30         0
                text27                             35EE     35EE        8         0
                text26                             339C     339C       4C         0
                text25                             3472     3472       3A         0
                text24                             3582     3582       2A         0
                text23                             3290     3290       5E         0
                text22                             2E4E     2E4E       C4         0
                text21                             2FD0     2FD0       B0         0
                text20                             3080     3080       AA         0
                text19                             291A     291A      104         0
                text18                             34E4     34E4       38         0
                text17                             1480     1480      4C0         0
                text16                             33E8     33E8       46         0
                text15                             2A1E     2A1E       FE         0
                text14                             244E     244E      212         0
                text13                             35F6     35F6        2         0
                text12                             2CBE     2CBE       CA         0
                text11                             342E     342E       44         0
                text10                             351C     351C       36         0
                text9                              2D88     2D88       C6         0
                text8                              32EE     32EE       5C         0
                text7                              34AC     34AC       38         0
                text6                              3230     3230       60         0
                text5                               828      828      C58         0
                text4                              2B1C     2B1C       D6         0
                text3                              2104     2104      34A         0
                text2                              31CE     31CE       62         0
                text1                              334A     334A       52         0
                text0                              2F12     2F12       BE         0
                cinit                              35AC     35AC       22         0

        CLASS   CONST          

        CLASS   SMALLCONST     
                smallconst                          800      800       28         0

        CLASS   MEDIUMCONST    

        CLASS   COMRAM         
                cstackCOMRAM                          1        1       5F         1

        CLASS   ABS1           

        CLASS   BIGRAM         

        CLASS   RAM            

        CLASS   BANK0          
                cstackBANK0                          60       60       58         1
                bssBANK0                             B8       B8       22         1

        CLASS   BANK1          
                bssBANK1                            100      100       50         1

        CLASS   BANK2          

        CLASS   BANK3          

        CLASS   BANK4          

        CLASS   BANK5          

        CLASS   BANK6          

        CLASS   BANK7          

        CLASS   SFR            

        CLASS   CONFIG         
                config                           300000   300000        E         4

        CLASS   IDLOC          
                idloc                            200000   200000        8         5

        CLASS   EEDATA         

        CLASS   FARRAM         



SEGMENTS        Name                           Load    Length   Top    Selector   Space  Class

                reset_vec                      000000  000004  000004         0       0  CODE    
                cstackCOMRAM                   000001  00005F  000060         1       1  COMRAM  
                cstackBANK0                    000060  00007A  0000DA        60       1  BANK0   
                bssBANK1                       000100  000050  000150       100       1  BANK1   
                smallconst                     000800  000028  000828       400       0  SMALLCON
                text5                          000828  002DD0  0035F8       414       0  CODE    


UNUSED ADDRESS RANGES

        Name                Unused          Largest block    Delta
        BANK0            0000DA-0000FF               26
        BANK1            000150-0001FF               B0
        BANK2            000200-0002FF              100
        BANK3            000300-0003FF              100
        BANK4            000400-0004FF              100
        BANK5            000500-0005FF              100
        BANK6            000600-0006FF              100
        BANK7            000700-0007FF              100
        BIGRAM           0000DA-0000FF               26
                         000150-0007FF              6B0
        CODE             000004-0007FF              7FC
                         0035F8-007FFF             4A08
        CONST            000004-0007FF              7FC
                         0035F8-007FFF             4A08
        EEDATA           F00000-F000FF              100
        MEDIUMCONST      0035F8-007FFF             4A08
        RAM              0000DA-0000FF               26
                         000150-0007FF              100
        SFR              000F60-000FFF               A0
        SMALLCONST       0035F8-007FFF              100
        STACK            000150-0007FF              6B0

                                  Symbol Table

?___awdiv                         cstackCOMRAM 000001
?___awmod                         cstackCOMRAM 000001
?___fladd                         cstackCOMRAM 000001
?___fldiv                         cstackCOMRAM 00001A
?___flmul                         cstackCOMRAM 000001
?___flneg                         cstackCOMRAM 000001
?___flsub                         cstackCOMRAM 00001A
?___fltol                         cstackCOMRAM 000033
?___fpclassifyf                   cstackCOMRAM 000001
?___xxtofl                        cstackCOMRAM 000001
?_efgtoa                          cstackCOMRAM 000047
?_floorf                          cstackCOMRAM 000033
?_isupper                         cstackCOMRAM 000001
?_pad                             cstackCOMRAM 000011
?_sprintf                         cstackBANK0  0000A8
?_strlen                          cstackCOMRAM 000001
?_strncmp                         cstackCOMRAM 000001
?_tolower                         cstackCOMRAM 000007
?_vfpfcnvrt                       cstackCOMRAM 000053
?_vfprintf                        cstackBANK0  0000A2
Ciclo_util@dutycycle              cstackCOMRAM 000037
Ciclo_util@dutycyclet             cstackCOMRAM 00003B
_ADCON0                           (abs)        000FC2
_ADCON0bits                       (abs)        000FC2
_ADCON1                           (abs)        000FC1
_ADCON2                           (abs)        000FC0
_ADRESH                           (abs)        000FC4
_ADRESL                           (abs)        000FC3
_CCP1CON                          (abs)        000FBD
_CCPR1L                           (abs)        000FBE
_Ciclo_util                       text33       002BF2
_LATC                             (abs)        000F8B
_LATEbits                         (abs)        000F8D
_PR2                              (abs)        000FCB
_PWM                              text31       00312A
_T2CON                            (abs)        000FCA
_T2CONbits                        (abs)        000FCA
_TMR2                             (abs)        000FCC
_TRISA                            (abs)        000F92
_TRISC                            (abs)        000F94
_TRISCbits                        (abs)        000F94
_TRISD                            (abs)        000F95
_TRISEbits                        (abs)        000F96
__HRAM                            (abs)        000000
__Habs1                           abs1         000000
__Hbank0                          bank0        000000
__Hbank1                          bank1        000000
__Hbank2                          bank2        000000
__Hbank3                          bank3        000000
__Hbank4                          bank4        000000
__Hbank5                          bank5        000000
__Hbank6                          bank6        000000
__Hbank7                          bank7        000000
__Hbigbss                         bigbss       000000
__Hbigdata                        bigdata      000000
__Hbigram                         bigram       000000
__Hbss                            bss          000000
__HbssBANK0                       bssBANK0     000000
__HbssBANK1                       bssBANK1     000000
__Hcinit                          cinit        000000
__Hclrtext                        clrtext      000000
__Hcomram                         comram       000000
__Hconfig                         config       30000E
__Hconst                          const        000000
__HcstackBANK0                    cstackBANK0  000000
__HcstackCOMRAM                   cstackCOMRAM 000000
__Hdata                           data         000000
__Heeprom_data                    eeprom_data  000000
__Hfarbss                         farbss       000000
__Hfardata                        fardata      000000
__Hibigdata                       ibigdata     000000
__Hidata                          idata        000000
__Hidloc                          idloc        200008
__Hifardata                       ifardata     000000
__Hinit                           init         000004
__Hintcode                        intcode      000000
__Hintcode_body                   intcode_body 000000
__Hintcodelo                      intcodelo    000000
__Hintentry                       intentry     000000
__Hintret                         intret       000000
__Hintsave_regs                   intsave_regs 000000
__Hirdata                         irdata       000000
__Hmediumconst                    mediumconst  000000
__HnvFARRAM                       nvFARRAM     000000
__Hnvbit                          nvbit        000000
__Hnvrram                         nvrram       000000
__Hparam                          rparam       000000
__Hpowerup                        powerup      000000
__Hram                            ram          000000
__Hramtop                         ramtop       000800
__Hrbit                           rbit         000000
__Hrbss                           rbss         000000
__Hrdata                          rdata        000000
__Hreset_vec                      reset_vec    000000
__Hrparam                         rparam       000000
__Hsfr                            sfr          000000
__Hsmallconst                     smallconst   000828
__Hspace_0                        (abs)        0035F8
__Hspace_1                        (abs)        000150
__Hspace_2                        (abs)        000000
__Hspace_4                        (abs)        60000E
__Hstack                          stack        000000
__Hstruct                         struct       000000
__Htemp                           temp         000000
__Htext                           text         000000
__Htext0                          text0        000000
__Htext1                          text1        000000
__Htext10                         text10       000000
__Htext11                         text11       000000
__Htext12                         text12       000000
__Htext13                         text13       000000
__Htext14                         text14       000000
__Htext15                         text15       000000
__Htext16                         text16       000000
__Htext17                         text17       000000
__Htext18                         text18       000000
__Htext19                         text19       000000
__Htext2                          text2        000000
__Htext20                         text20       000000
__Htext21                         text21       000000
__Htext22                         text22       000000
__Htext23                         text23       000000
__Htext24                         text24       000000
__Htext25                         text25       000000
__Htext26                         text26       000000
__Htext27                         text27       000000
__Htext28                         text28       000000
__Htext29                         text29       000000
__Htext3                          text3        000000
__Htext30                         text30       000000
__Htext31                         text31       000000
__Htext32                         text32       000000
__Htext33                         text33       000000
__Htext34                         text34       000000
__Htext35                         text35       000000
__Htext36                         text36       000000
__Htext4                          text4        000000
__Htext5                          text5        000000
__Htext6                          text6        000000
__Htext7                          text7        000000
__Htext8                          text8        000000
__Htext9                          text9        000000
__LRAM                            (abs)        000001
__Labs1                           abs1         000000
__Lbank0                          bank0        000000
__Lbank1                          bank1        000000
__Lbank2                          bank2        000000
__Lbank3                          bank3        000000
__Lbank4                          bank4        000000
__Lbank5                          bank5        000000
__Lbank6                          bank6        000000
__Lbank7                          bank7        000000
__Lbigbss                         bigbss       000000
__Lbigdata                        bigdata      000000
__Lbigram                         bigram       000000
__Lbss                            bss          000000
__LbssBANK0                       bssBANK0     000000
__LbssBANK1                       bssBANK1     000000
__Lcinit                          cinit        000000
__Lclrtext                        clrtext      000000
__Lcomram                         comram       000000
__Lconfig                         config       000000
__Lconst                          const        000000
__LcstackBANK0                    cstackBANK0  000000
__LcstackCOMRAM                   cstackCOMRAM 000000
__Ldata                           data         000000
__Leeprom_data                    eeprom_data  000000
__Lfarbss                         farbss       000000
__Lfardata                        fardata      000000
__Libigdata                       ibigdata     000000
__Lidata                          idata        000000
__Lidloc                          idloc        000000
__Lifardata                       ifardata     000000
__Linit                           init         000000
__Lintcode                        intcode      000000
__Lintcode_body                   intcode_body 000000
__Lintcodelo                      intcodelo    000000
__Lintentry                       intentry     000000
__Lintret                         intret       000000
__Lintsave_regs                   intsave_regs 000000
__Lirdata                         irdata       000000
__Lmediumconst                    mediumconst  000000
__LnvFARRAM                       nvFARRAM     000000
__Lnvbit                          nvbit        000000
__Lnvrram                         nvrram       000000
__Lparam                          rparam       000000
__Lpowerup                        powerup      000000
__Lram                            ram          000000
__Lramtop                         ramtop       000800
__Lrbit                           rbit         000000
__Lrbss                           rbss         000000
__Lrdata                          rdata        000000
__Lreset_vec                      reset_vec    000000
__Lrparam                         rparam       000000
__Lsfr                            sfr          000000
__Lsmallconst                     smallconst   000800
__Lspace_0                        (abs)        000000
__Lspace_1                        (abs)        000000
__Lspace_2                        (abs)        000000
__Lspace_4                        (abs)        000000
__Lstack                          stack        000000
__Lstruct                         struct       000000
__Ltemp                           temp         000000
__Ltext                           text         000000
__Ltext0                          text0        000000
__Ltext1                          text1        000000
__Ltext10                         text10       000000
__Ltext11                         text11       000000
__Ltext12                         text12       000000
__Ltext13                         text13       000000
__Ltext14                         text14       000000
__Ltext15                         text15       000000
__Ltext16                         text16       000000
__Ltext17                         text17       000000
__Ltext18                         text18       000000
__Ltext19                         text19       000000
__Ltext2                          text2        000000
__Ltext20                         text20       000000
__Ltext21                         text21       000000
__Ltext22                         text22       000000
__Ltext23                         text23       000000
__Ltext24                         text24       000000
__Ltext25                         text25       000000
__Ltext26                         text26       000000
__Ltext27                         text27       000000
__Ltext28                         text28       000000
__Ltext29                         text29       000000
__Ltext3                          text3        000000
__Ltext30                         text30       000000
__Ltext31                         text31       000000
__Ltext32                         text32       000000
__Ltext33                         text33       000000
__Ltext34                         text34       000000
__Ltext35                         text35       000000
__Ltext36                         text36       000000
__Ltext4                          text4        000000
__Ltext5                          text5        000000
__Ltext6                          text6        000000
__Ltext7                          text7        000000
__Ltext8                          text8        000000
__Ltext9                          text9        000000
__S0                              (abs)        0035F8
__S1                              (abs)        000150
__S2                              (abs)        000000
__S4                              (abs)        000000
__S5                              (abs)        000000
___awdiv                          text22       002E4E
___awdiv@counter                  cstackCOMRAM 000005
___awdiv@dividend                 cstackCOMRAM 000001
___awdiv@divisor                  cstackCOMRAM 000003
___awdiv@quotient                 cstackCOMRAM 000007
___awdiv@sign                     cstackCOMRAM 000006
___awmod                          text21       002FD0
___awmod@counter                  cstackCOMRAM 000005
___awmod@dividend                 cstackCOMRAM 000001
___awmod@divisor                  cstackCOMRAM 000003
___awmod@sign                     cstackCOMRAM 000006
___fladd                          text17       001480
___fladd@a                        cstackCOMRAM 000005
___fladd@aexp                     cstackCOMRAM 00000E
___fladd@b                        cstackCOMRAM 000001
___fladd@bexp                     cstackCOMRAM 00000F
___fladd@grs                      cstackCOMRAM 000010
___fladd@signs                    cstackCOMRAM 00000D
___fldiv                          text36       001D6A
___fldiv@a                        cstackCOMRAM 00001E
___fldiv@aexp                     cstackCOMRAM 000032
___fldiv@b                        cstackCOMRAM 00001A
___fldiv@bexp                     cstackCOMRAM 000031
___fldiv@grs                      cstackCOMRAM 00002D
___fldiv@new_exp                  cstackCOMRAM 00002B
___fldiv@rem                      cstackCOMRAM 000026
___fldiv@sign                     cstackCOMRAM 00002A
___fleq                           text20       003080
___fleq@ff1                       cstackCOMRAM 000001
___fleq@ff2                       cstackCOMRAM 000005
___flge                           text19       00291A
___flge@ff1                       cstackCOMRAM 00001A
___flge@ff2                       cstackCOMRAM 00001E
___flmul                          text35       001940
___flmul@a                        cstackCOMRAM 000005
___flmul@aexp                     cstackCOMRAM 000012
___flmul@b                        cstackCOMRAM 000001
___flmul@bexp                     cstackCOMRAM 000013
___flmul@grs                      cstackCOMRAM 00000E
___flmul@prod                     cstackCOMRAM 000014
___flmul@sign                     cstackCOMRAM 00000D
___flmul@temp                     cstackCOMRAM 000018
___flneg                          text18       0034E4
___flneg@f1                       cstackCOMRAM 000001
___flsub                          text16       0033E8
___flsub@a                        cstackCOMRAM 00001E
___flsub@b                        cstackCOMRAM 00001A
___fltol                          text32       002814
___fltol@exp1                     cstackCOMRAM 00003C
___fltol@f1                       cstackCOMRAM 000033
___fltol@sign1                    cstackCOMRAM 00003B
___fpclassifyf                    text15       002A1E
___fpclassifyf@F465               bssBANK0     0000BC
___fpclassifyf@e                  cstackCOMRAM 000009
___fpclassifyf@u                  cstackCOMRAM 00000B
___fpclassifyf@x                  cstackCOMRAM 000001
___inthi_sp                       stack        000000
___intlo_sp                       stack        000000
___param_bank                     (abs)        000000
___rparam_used                    (abs)        000001
___sp                             stack        000000
___xxtofl                         text34       002660
___xxtofl@arg                     cstackCOMRAM 00000B
___xxtofl@exp                     cstackCOMRAM 00000A
___xxtofl@sign                    cstackCOMRAM 000009
___xxtofl@val                     cstackCOMRAM 000001
__accesstop                       (abs)        000060
__activetblptr                    (abs)        000002
__end_of_Ciclo_util               text33       002CBE
__end_of_PWM                      text31       0031CE
__end_of___awdiv                  text22       002F12
__end_of___awmod                  text21       003080
__end_of___fladd                  text17       001940
__end_of___fldiv                  text36       002104
__end_of___fleq                   text20       00312A
__end_of___flge                   text19       002A1E
__end_of___flmul                  text35       001D6A
__end_of___flneg                  text18       00351C
__end_of___flsub                  text16       00342E
__end_of___fltol                  text32       00291A
__end_of___fpclassifyf            text15       002B1C
__end_of___xxtofl                 text34       002814
__end_of__initialization          cinit        0035C4
__end_of_configuracion_registros  text30       0035EE
__end_of_efgtoa                   text5        001480
__end_of_floorf                   text14       002660
__end_of_fputc                    text12       002D88
__end_of_fputs                    text11       003472
__end_of_isupper                  text7        0034E4
__end_of_lcd_clear_display        text27       0035F6
__end_of_lcd_control              text28       003582
__end_of_lcd_dato                 text24       0035AC
__end_of_lcd_goto                 text26       0033E8
__end_of_lcd_init                 text25       0034AC
__end_of_lcd_print                text23       0032EE
__end_of_lcd_time_control         text29       0035E0
__end_of_main                     text0        002FD0
__end_of_pad                      text9        002E4E
__end_of_putch                    text13       0035F8
__end_of_sprintf                  text1        00339C
__end_of_strcpy                   text8        00334A
__end_of_strlen                   text10       003552
__end_of_strncmp                  text4        002BF2
__end_of_tolower                  text6        003290
__end_of_vfpfcnvrt                text3        00244E
__end_of_vfprintf                 text2        003230
__initialization                  cinit        0035AC
__mediumconst                     mediumconst  000000
__pbssBANK0                       bssBANK0     0000B8
__pbssBANK1                       bssBANK1     000100
__pcinit                          cinit        0035AC
__pcstackBANK0                    cstackBANK0  000060
__pcstackCOMRAM                   cstackCOMRAM 000001
__psmallconst                     smallconst   000800
__ptext0                          text0        002F12
__ptext1                          text1        00334A
__ptext10                         text10       00351C
__ptext11                         text11       00342E
__ptext12                         text12       002CBE
__ptext13                         text13       0035F6
__ptext14                         text14       00244E
__ptext15                         text15       002A1E
__ptext16                         text16       0033E8
__ptext17                         text17       001480
__ptext18                         text18       0034E4
__ptext19                         text19       00291A
__ptext2                          text2        0031CE
__ptext20                         text20       003080
__ptext21                         text21       002FD0
__ptext22                         text22       002E4E
__ptext23                         text23       003290
__ptext24                         text24       003582
__ptext25                         text25       003472
__ptext26                         text26       00339C
__ptext27                         text27       0035EE
__ptext28                         text28       003552
__ptext29                         text29       0035CE
__ptext3                          text3        002104
__ptext30                         text30       0035E0
__ptext31                         text31       00312A
__ptext32                         text32       002814
__ptext33                         text33       002BF2
__ptext34                         text34       002660
__ptext35                         text35       001940
__ptext36                         text36       001D6A
__ptext4                          text4        002B1C
__ptext5                          text5        000828
__ptext6                          text6        003230
__ptext7                          text7        0034AC
__ptext8                          text8        0032EE
__ptext9                          text9        002D88
__ramtop                          ramtop       000800
__size_of_Ciclo_util              (abs)        000000
__size_of_PWM                     (abs)        000000
__size_of___awdiv                 (abs)        000000
__size_of___awmod                 (abs)        000000
__size_of___fladd                 (abs)        000000
__size_of___fldiv                 (abs)        000000
__size_of___fleq                  (abs)        000000
__size_of___flge                  (abs)        000000
__size_of___flmul                 (abs)        000000
__size_of___flneg                 (abs)        000000
__size_of___flsub                 (abs)        000000
__size_of___fltol                 (abs)        000000
__size_of___fpclassifyf           (abs)        000000
__size_of___xxtofl                (abs)        000000
__size_of_configuracion_registros (abs)        000000
__size_of_efgtoa                  (abs)        000000
__size_of_floorf                  (abs)        000000
__size_of_fputc                   (abs)        000000
__size_of_fputs                   (abs)        000000
__size_of_isupper                 (abs)        000000
__size_of_lcd_clear_display       (abs)        000000
__size_of_lcd_control             (abs)        000000
__size_of_lcd_dato                (abs)        000000
__size_of_lcd_goto                (abs)        000000
__size_of_lcd_init                (abs)        000000
__size_of_lcd_print               (abs)        000000
__size_of_lcd_time_control        (abs)        000000
__size_of_main                    (abs)        000000
__size_of_pad                     (abs)        000000
__size_of_putch                   (abs)        000000
__size_of_sprintf                 (abs)        000000
__size_of_strcpy                  (abs)        000000
__size_of_strlen                  (abs)        000000
__size_of_strncmp                 (abs)        000000
__size_of_tolower                 (abs)        000000
__size_of_vfpfcnvrt               (abs)        000000
__size_of_vfprintf                (abs)        000000
__smallconst                      smallconst   000800
_ccp                              bssBANK0     0000C4
_ccp1                             bssBANK0     0000C0
_ciclo                            bssBANK0     0000C8
_configuracion_registros          text30       0035E0
_dato                             bssBANK0     0000D6
_dbuf                             bssBANK1     000100
_efgtoa                           text5        000828
_efgtoa$878                       cstackBANK0  000060
_efgtoa$879                       cstackBANK0  000062
_efgtoa$884                       cstackBANK0  000064
_efgtoa$888                       cstackBANK0  000066
_efgtoa$889                       cstackBANK0  000068
_efgtoa$890                       cstackBANK0  00006A
_flags                            bssBANK0     0000D2
_floorf                           text14       00244E
_fputc                            text12       002CBE
_fputs                            text11       00342E
_isupper                          text7        0034AC
_lcd_clear_display                text27       0035EE
_lcd_control                      text28       003552
_lcd_dato                         text24       003582
_lcd_goto                         text26       00339C
_lcd_init                         text25       003472
_lcd_print                        text23       003290
_lcd_time_control                 text29       0035CE
_main                             text0        002F12
_nout                             bssBANK0     0000CC
_pad                              text9        002D88
_prec                             bssBANK0     0000D0
_putch                            text13       0035F6
_res                              bssBANK0     0000D4
_sprintf                          text1        00334A
_strcpy                           text8        0032EE
_strlen                           text10       00351C
_strncmp                          text4        002B1C
_tolower                          text6        003230
_tolower$1004                     cstackCOMRAM 00000D
_vfpfcnvrt                        text3        002104
_vfpfcnvrt$907                    cstackBANK0  000098
_vfprintf                         text2        0031CE
_width                            bssBANK0     0000CE
efgtoa@c                          cstackCOMRAM 00004D
efgtoa@d                          cstackBANK0  000078
efgtoa@e                          cstackBANK0  000090
efgtoa@f                          cstackCOMRAM 000049
efgtoa@fp                         cstackCOMRAM 000047
efgtoa@g                          cstackBANK0  00008C
efgtoa@h                          cstackBANK0  000082
efgtoa@i                          cstackBANK0  00008A
efgtoa@l                          cstackBANK0  000086
efgtoa@m                          cstackBANK0  000072
efgtoa@mode                       cstackBANK0  000081
efgtoa@n                          cstackBANK0  000092
efgtoa@ne                         cstackBANK0  000070
efgtoa@nmode                      cstackBANK0  000080
efgtoa@ou                         cstackBANK0  000074
efgtoa@p                          cstackBANK0  00007C
efgtoa@pp                         cstackBANK0  00006E
efgtoa@sign                       cstackBANK0  00007A
efgtoa@t                          cstackBANK0  00006C
efgtoa@u                          cstackBANK0  000094
efgtoa@w                          cstackBANK0  00007E
end_of_initialization             cinit        0035C4
floorf@F527                       bssBANK0     0000B8
floorf@e                          cstackCOMRAM 000041
floorf@m                          cstackCOMRAM 00003D
floorf@u                          cstackCOMRAM 000043
floorf@x                          cstackCOMRAM 000033
fputc@c                           cstackCOMRAM 000001
fputc@fp                          cstackCOMRAM 000003
fputs@c                           cstackCOMRAM 00000E
fputs@fp                          cstackCOMRAM 00000C
fputs@i                           cstackCOMRAM 00000F
fputs@s                           cstackCOMRAM 00000A
intlevel0                         text         000000
intlevel1                         text         000000
intlevel2                         text         000000
intlevel3                         text         000000
isa$std                           (abs)        000001
isa$xinst                         (abs)        000000
isupper@c                         cstackCOMRAM 000001
lcd_control@dato                  cstackCOMRAM 000002
lcd_dato@dato                     cstackCOMRAM 000002
lcd_goto@posicion                 cstackCOMRAM 000009
lcd_goto@x                        cstackCOMRAM 000003
lcd_goto@y                        cstackCOMRAM 000005
lcd_print@dato                    cstackCOMRAM 000003
pad@buf                           cstackCOMRAM 000013
pad@fp                            cstackCOMRAM 000011
pad@i                             cstackCOMRAM 000018
pad@p                             cstackCOMRAM 000015
pad@w                             cstackCOMRAM 00001A
sprintf@ap                        cstackBANK0  0000B0
sprintf@f                         cstackBANK0  0000B2
sprintf@fmt                       cstackBANK0  0000AA
sprintf@s                         cstackBANK0  0000A8
stackhi                           (abs)        0007FF
stacklo                           (abs)        000150
start                             init         000000
start_initialization              cinit        0035AC
strcpy@d                          cstackCOMRAM 000009
strcpy@dest                       cstackCOMRAM 000001
strcpy@s                          cstackCOMRAM 000007
strcpy@src                        cstackCOMRAM 000003
strlen@a                          cstackCOMRAM 000003
strlen@s                          cstackCOMRAM 000001
strncmp@_l                        cstackCOMRAM 000001
strncmp@_r                        cstackCOMRAM 000003
strncmp@l                         cstackCOMRAM 000008
strncmp@n                         cstackCOMRAM 000005
strncmp@r                         cstackCOMRAM 00000A
tolower@c                         cstackCOMRAM 000007
vfpfcnvrt@ap                      cstackCOMRAM 000057
vfpfcnvrt@c                       cstackBANK0  0000A1
vfpfcnvrt@ct                      cstackBANK0  00009E
vfpfcnvrt@f                       cstackBANK0  00009A
vfpfcnvrt@fmt                     cstackCOMRAM 000055
vfpfcnvrt@fp                      cstackCOMRAM 000053
vfprintf@ap                       cstackBANK0  0000A6
vfprintf@cfmt                     cstackCOMRAM 00005D
vfprintf@fmt                      cstackBANK0  0000A4
vfprintf@fp                       cstackBANK0  0000A2


MODULE INFORMATION

Module		Function		Class		Link	Load	Size
C:\Program Files\Microchip\xc8\v2.32\pic\sources\c99\common\nf_sprintf.c
		_sprintf       		CODE           	334A	0000	82

C:\Program Files\Microchip\xc8\v2.32\pic\sources\c99\common\nf_sprintf.c estimated size: 82

C:\Program Files\Microchip\xc8\v2.32\pic\sources\c99\common\awdiv.c
		___awdiv       		CODE           	2E4E	0000	196

C:\Program Files\Microchip\xc8\v2.32\pic\sources\c99\common\awdiv.c estimated size: 196

C:\Program Files\Microchip\xc8\v2.32\pic\sources\c99\common\sprcadd.c
		___flsub       		CODE           	33E8	0000	70
		___fladd       		CODE           	1480	0000	1216

C:\Program Files\Microchip\xc8\v2.32\pic\sources\c99\common\sprcadd.c estimated size: 1286

C:\Program Files\Microchip\xc8\v2.32\pic\sources\c99\common\doprnt.c
		_vfpfcnvrt     		CODE           	2104	0000	842
		_efgtoa        		CODE           	0828	0000	3160
		_pad           		CODE           	2D88	0000	198
		_vfprintf      		CODE           	31CE	0000	98

C:\Program Files\Microchip\xc8\v2.32\pic\sources\c99\common\doprnt.c estimated size: 4298

C:\Program Files\Microchip\xc8\v2.32\pic\sources\c99\common\flneg.c
		___flneg       		CODE           	34E4	0000	56

C:\Program Files\Microchip\xc8\v2.32\pic\sources\c99\common\flneg.c estimated size: 56

CONTROLDEMOTOR.c
		_PWM           		CODE           	312A	0000	164
		_main          		CODE           	2F12	0000	190
		_configuracion_registros		CODE           	35E0	0000	14
		_Ciclo_util    		CODE           	2BF2	0000	204

CONTROLDEMOTOR.c estimated size: 572

C:\Program Files\Microchip\xc8\v2.32\pic\sources\c99\common\nf_fputs.c
		_fputs         		CODE           	342E	0000	68

C:\Program Files\Microchip\xc8\v2.32\pic\sources\c99\common\nf_fputs.c estimated size: 68

C:\Program Files\Microchip\xc8\v2.32\pic\sources\c99\common\fleq.c
		___fleq        		CODE           	3080	0000	170

C:\Program Files\Microchip\xc8\v2.32\pic\sources\c99\common\fleq.c estimated size: 170

C:\Program Files\Microchip\xc8\v2.32\pic\sources\c99\common\putch.c
		_putch         		CODE           	35F6	0000	2

C:\Program Files\Microchip\xc8\v2.32\pic\sources\c99\common\putch.c estimated size: 2

C:\Program Files\Microchip\xc8\v2.32\pic\sources\c99\common\__fpclassifyf.c
		___fpclassifyf 		CODE           	2A1E	0000	254

C:\Program Files\Microchip\xc8\v2.32\pic\sources\c99\common\__fpclassifyf.c estimated size: 254

./LCD2.h
		_lcd_time_control		CODE           	35CE	0000	18
		_lcd_dato      		CODE           	3582	0000	42
		_lcd_goto      		CODE           	339C	0000	76
		_lcd_print     		CODE           	3290	0000	94
		_lcd_control   		CODE           	3552	0000	48
		_lcd_clear_display		CODE           	35EE	0000	8
		_lcd_init      		CODE           	3472	0000	58

./LCD2.h estimated size: 344

C:\Program Files\Microchip\xc8\v2.32\pic\sources\c99\common\isupper.c
		_isupper       		CODE           	34AC	0000	56

C:\Program Files\Microchip\xc8\v2.32\pic\sources\c99\common\isupper.c estimated size: 56

C:\Program Files\Microchip\xc8\v2.32\pic\sources\c99\common\strncmp.c
		_strncmp       		CODE           	2B1C	0000	214

C:\Program Files\Microchip\xc8\v2.32\pic\sources\c99\common\strncmp.c estimated size: 214

C:\Program Files\Microchip\xc8\v2.32\pic\sources\c99\common\tolower.c
		_tolower       		CODE           	3230	0000	96

C:\Program Files\Microchip\xc8\v2.32\pic\sources\c99\common\tolower.c estimated size: 96

shared
		__initialization		CODE           	35AC	0000	24

shared estimated size: 24

C:\Program Files\Microchip\xc8\v2.32\pic\sources\c99\common\sprcmul.c
		___flmul       		CODE           	1940	0000	1066

C:\Program Files\Microchip\xc8\v2.32\pic\sources\c99\common\sprcmul.c estimated size: 1066

C:\Program Files\Microchip\xc8\v2.32\pic\sources\c99\common\awmod.c
		___awmod       		CODE           	2FD0	0000	176

C:\Program Files\Microchip\xc8\v2.32\pic\sources\c99\common\awmod.c estimated size: 176

C:\Program Files\Microchip\xc8\v2.32\pic\sources\c99\common\sprcdiv.c
		___fldiv       		CODE           	1D6A	0000	922

C:\Program Files\Microchip\xc8\v2.32\pic\sources\c99\common\sprcdiv.c estimated size: 922

C:\Program Files\Microchip\xc8\v2.32\pic\sources\c99\common\fltol.c
		___fltol       		CODE           	2814	0000	262

C:\Program Files\Microchip\xc8\v2.32\pic\sources\c99\common\fltol.c estimated size: 262

C:\Program Files\Microchip\xc8\v2.32\pic\sources\c99\common\xxtofl.c
		___xxtofl      		CODE           	2660	0000	436

C:\Program Files\Microchip\xc8\v2.32\pic\sources\c99\common\xxtofl.c estimated size: 436

C:\Program Files\Microchip\xc8\v2.32\pic\sources\c99\common\nf_fputc.c
		_fputc         		CODE           	2CBE	0000	202

C:\Program Files\Microchip\xc8\v2.32\pic\sources\c99\common\nf_fputc.c estimated size: 202

C:\Program Files\Microchip\xc8\v2.32\pic\sources\c99\common\strlen.c
		_strlen        		CODE           	351C	0000	54

C:\Program Files\Microchip\xc8\v2.32\pic\sources\c99\common\strlen.c estimated size: 54

C:\Program Files\Microchip\xc8\v2.32\pic\sources\c99\common\flge.c
		___flge        		CODE           	291A	0000	260

C:\Program Files\Microchip\xc8\v2.32\pic\sources\c99\common\flge.c estimated size: 260

C:\Program Files\Microchip\xc8\v2.32\pic\sources\c99\common\floorf.c
		_floorf        		CODE           	244E	0000	530

C:\Program Files\Microchip\xc8\v2.32\pic\sources\c99\common\floorf.c estimated size: 530

C:\Program Files\Microchip\xc8\v2.32\pic\sources\c99\common\strcpy.c
		_strcpy        		CODE           	32EE	0000	92

C:\Program Files\Microchip\xc8\v2.32\pic\sources\c99\common\strcpy.c estimated size: 92

